Archive member included to satisfy reference by file (symbol)

c:/st/stm32cubeide_1.5.0/stm32cubeide/plugins/com.st.stm32cube.ide.mcu.externaltools.gnu-tools-for-stm32.7-2018-q2-update.win32_1.5.0.202011040924/tools/bin/../lib/gcc/arm-none-eabi/7.3.1/../../../../arm-none-eabi/lib/thumb/v7e-m/fpv4-sp/hard\libc_nano.a(lib_a-errno.o)
                              Application/User/Core/syscalls.o (__errno)
c:/st/stm32cubeide_1.5.0/stm32cubeide/plugins/com.st.stm32cube.ide.mcu.externaltools.gnu-tools-for-stm32.7-2018-q2-update.win32_1.5.0.202011040924/tools/bin/../lib/gcc/arm-none-eabi/7.3.1/../../../../arm-none-eabi/lib/thumb/v7e-m/fpv4-sp/hard\libc_nano.a(lib_a-exit.o)
                              c:/st/stm32cubeide_1.5.0/stm32cubeide/plugins/com.st.stm32cube.ide.mcu.externaltools.gnu-tools-for-stm32.7-2018-q2-update.win32_1.5.0.202011040924/tools/bin/../lib/gcc/arm-none-eabi/7.3.1/../../../../arm-none-eabi/lib/thumb/v7e-m/fpv4-sp/hard/crt0.o (exit)
c:/st/stm32cubeide_1.5.0/stm32cubeide/plugins/com.st.stm32cube.ide.mcu.externaltools.gnu-tools-for-stm32.7-2018-q2-update.win32_1.5.0.202011040924/tools/bin/../lib/gcc/arm-none-eabi/7.3.1/../../../../arm-none-eabi/lib/thumb/v7e-m/fpv4-sp/hard\libc_nano.a(lib_a-impure.o)
                              c:/st/stm32cubeide_1.5.0/stm32cubeide/plugins/com.st.stm32cube.ide.mcu.externaltools.gnu-tools-for-stm32.7-2018-q2-update.win32_1.5.0.202011040924/tools/bin/../lib/gcc/arm-none-eabi/7.3.1/../../../../arm-none-eabi/lib/thumb/v7e-m/fpv4-sp/hard\libc_nano.a(lib_a-exit.o) (_global_impure_ptr)
c:/st/stm32cubeide_1.5.0/stm32cubeide/plugins/com.st.stm32cube.ide.mcu.externaltools.gnu-tools-for-stm32.7-2018-q2-update.win32_1.5.0.202011040924/tools/bin/../lib/gcc/arm-none-eabi/7.3.1/../../../../arm-none-eabi/lib/thumb/v7e-m/fpv4-sp/hard\libc_nano.a(lib_a-init.o)
                              c:/st/stm32cubeide_1.5.0/stm32cubeide/plugins/com.st.stm32cube.ide.mcu.externaltools.gnu-tools-for-stm32.7-2018-q2-update.win32_1.5.0.202011040924/tools/bin/../lib/gcc/arm-none-eabi/7.3.1/../../../../arm-none-eabi/lib/thumb/v7e-m/fpv4-sp/hard/crt0.o (__libc_init_array)
c:/st/stm32cubeide_1.5.0/stm32cubeide/plugins/com.st.stm32cube.ide.mcu.externaltools.gnu-tools-for-stm32.7-2018-q2-update.win32_1.5.0.202011040924/tools/bin/../lib/gcc/arm-none-eabi/7.3.1/../../../../arm-none-eabi/lib/thumb/v7e-m/fpv4-sp/hard\libc_nano.a(lib_a-memset.o)
                              c:/st/stm32cubeide_1.5.0/stm32cubeide/plugins/com.st.stm32cube.ide.mcu.externaltools.gnu-tools-for-stm32.7-2018-q2-update.win32_1.5.0.202011040924/tools/bin/../lib/gcc/arm-none-eabi/7.3.1/../../../../arm-none-eabi/lib/thumb/v7e-m/fpv4-sp/hard/crt0.o (memset)
c:/st/stm32cubeide_1.5.0/stm32cubeide/plugins/com.st.stm32cube.ide.mcu.externaltools.gnu-tools-for-stm32.7-2018-q2-update.win32_1.5.0.202011040924/tools/bin/../lib/gcc/arm-none-eabi/7.3.1/thumb/v7e-m/fpv4-sp/hard\libgcc.a(_aeabi_uldivmod.o)
                              Drivers/STM32F4xx_HAL_Driver/stm32f4xx_hal_rcc.o (__aeabi_uldivmod)
c:/st/stm32cubeide_1.5.0/stm32cubeide/plugins/com.st.stm32cube.ide.mcu.externaltools.gnu-tools-for-stm32.7-2018-q2-update.win32_1.5.0.202011040924/tools/bin/../lib/gcc/arm-none-eabi/7.3.1/thumb/v7e-m/fpv4-sp/hard\libgcc.a(_udivmoddi4.o)
                              c:/st/stm32cubeide_1.5.0/stm32cubeide/plugins/com.st.stm32cube.ide.mcu.externaltools.gnu-tools-for-stm32.7-2018-q2-update.win32_1.5.0.202011040924/tools/bin/../lib/gcc/arm-none-eabi/7.3.1/thumb/v7e-m/fpv4-sp/hard\libgcc.a(_aeabi_uldivmod.o) (__udivmoddi4)
c:/st/stm32cubeide_1.5.0/stm32cubeide/plugins/com.st.stm32cube.ide.mcu.externaltools.gnu-tools-for-stm32.7-2018-q2-update.win32_1.5.0.202011040924/tools/bin/../lib/gcc/arm-none-eabi/7.3.1/thumb/v7e-m/fpv4-sp/hard\libgcc.a(_dvmd_tls.o)
                              c:/st/stm32cubeide_1.5.0/stm32cubeide/plugins/com.st.stm32cube.ide.mcu.externaltools.gnu-tools-for-stm32.7-2018-q2-update.win32_1.5.0.202011040924/tools/bin/../lib/gcc/arm-none-eabi/7.3.1/thumb/v7e-m/fpv4-sp/hard\libgcc.a(_aeabi_uldivmod.o) (__aeabi_ldiv0)

Allocating common symbols
Common symbol       size              file

command             0x10              Application/User/Core/main.o
uwTick              0x4               Drivers/STM32F4xx_HAL_Driver/stm32f4xx_hal.o
pFlash              0x20              Drivers/STM32F4xx_HAL_Driver/stm32f4xx_hal_flash.o
hltdc               0xa8              Application/User/Core/main.o
GPIO_InitStructure  0x14              Application/User/Core/Driver_9341.o
hsdram1             0x34              Application/User/Core/main.o

Discarded input sections

 .text          0x0000000000000000        0x0 c:/st/stm32cubeide_1.5.0/stm32cubeide/plugins/com.st.stm32cube.ide.mcu.externaltools.gnu-tools-for-stm32.7-2018-q2-update.win32_1.5.0.202011040924/tools/bin/../lib/gcc/arm-none-eabi/7.3.1/thumb/v7e-m/fpv4-sp/hard/crti.o
[...]
Memory Configuration

Name             Origin             Length             Attributes
CCMRAM           0x0000000010000000 0x0000000000010000 xrw
RAM              0x0000000020000000 0x0000000000030000 xrw
FLASH            0x0000000008000000 0x0000000000200000 xr
*default*        0x0000000000000000 0xffffffffffffffff

Linker script and memory map

LOAD c:/st/stm32cubeide_1.5.0/stm32cubeide/plugins/com.st.stm32cube.ide.mcu.externaltools.gnu-tools-for-stm32.7-2018-q2-update.win32_1.5.0.202011040924/tools/bin/../lib/gcc/arm-none-eabi/7.3.1/thumb/v7e-m/fpv4-sp/hard/crti.o
LOAD c:/st/stm32cubeide_1.5.0/stm32cubeide/plugins/com.st.stm32cube.ide.mcu.externaltools.gnu-tools-for-stm32.7-2018-q2-update.win32_1.5.0.202011040924/tools/bin/../lib/gcc/arm-none-eabi/7.3.1/thumb/v7e-m/fpv4-sp/hard/crtbegin.o
LOAD c:/st/stm32cubeide_1.5.0/stm32cubeide/plugins/com.st.stm32cube.ide.mcu.externaltools.gnu-tools-for-stm32.7-2018-q2-update.win32_1.5.0.202011040924/tools/bin/../lib/gcc/arm-none-eabi/7.3.1/../../../../arm-none-eabi/lib/thumb/v7e-m/fpv4-sp/hard/crt0.o
LOAD Application/User/Core/Driver_9341.o
LOAD Application/User/Core/main.o
LOAD Application/User/Core/stm32f4xx_hal_msp.o
LOAD Application/User/Core/stm32f4xx_it.o
LOAD Application/User/Core/syscalls.o
LOAD Application/User/Core/sysmem.o
LOAD Application/User/Startup/startup_stm32f429zitx.o
LOAD Drivers/CMSIS/system_stm32f4xx.o
LOAD Drivers/STM32F4xx_HAL_Driver/stm32f4xx_hal.o
LOAD Drivers/STM32F4xx_HAL_Driver/stm32f4xx_hal_cortex.o
LOAD Drivers/STM32F4xx_HAL_Driver/stm32f4xx_hal_dma.o
LOAD Drivers/STM32F4xx_HAL_Driver/stm32f4xx_hal_dma_ex.o
LOAD Drivers/STM32F4xx_HAL_Driver/stm32f4xx_hal_dsi.o
LOAD Drivers/STM32F4xx_HAL_Driver/stm32f4xx_hal_exti.o
LOAD Drivers/STM32F4xx_HAL_Driver/stm32f4xx_hal_flash.o
LOAD Drivers/STM32F4xx_HAL_Driver/stm32f4xx_hal_flash_ex.o
LOAD Drivers/STM32F4xx_HAL_Driver/stm32f4xx_hal_flash_ramfunc.o
LOAD Drivers/STM32F4xx_HAL_Driver/stm32f4xx_hal_gpio.o
LOAD Drivers/STM32F4xx_HAL_Driver/stm32f4xx_hal_ltdc.o
LOAD Drivers/STM32F4xx_HAL_Driver/stm32f4xx_hal_ltdc_ex.o
LOAD Drivers/STM32F4xx_HAL_Driver/stm32f4xx_hal_pwr.o
LOAD Drivers/STM32F4xx_HAL_Driver/stm32f4xx_hal_pwr_ex.o
LOAD Drivers/STM32F4xx_HAL_Driver/stm32f4xx_hal_rcc.o
LOAD Drivers/STM32F4xx_HAL_Driver/stm32f4xx_hal_rcc_ex.o
LOAD Drivers/STM32F4xx_HAL_Driver/stm32f4xx_hal_sdram.o
LOAD Drivers/STM32F4xx_HAL_Driver/stm32f4xx_hal_spi.o
LOAD Drivers/STM32F4xx_HAL_Driver/stm32f4xx_hal_tim.o
LOAD Drivers/STM32F4xx_HAL_Driver/stm32f4xx_hal_tim_ex.o
LOAD Drivers/STM32F4xx_HAL_Driver/stm32f4xx_ll_fmc.o
START GROUP
LOAD c:/st/stm32cubeide_1.5.0/stm32cubeide/plugins/com.st.stm32cube.ide.mcu.externaltools.gnu-tools-for-stm32.7-2018-q2-update.win32_1.5.0.202011040924/tools/bin/../lib/gcc/arm-none-eabi/7.3.1/../../../../arm-none-eabi/lib/thumb/v7e-m/fpv4-sp/hard\libc_nano.a
LOAD c:/st/stm32cubeide_1.5.0/stm32cubeide/plugins/com.st.stm32cube.ide.mcu.externaltools.gnu-tools-for-stm32.7-2018-q2-update.win32_1.5.0.202011040924/tools/bin/../lib/gcc/arm-none-eabi/7.3.1/../../../../arm-none-eabi/lib/thumb/v7e-m/fpv4-sp/hard\libm.a
END GROUP
START GROUP
LOAD c:/st/stm32cubeide_1.5.0/stm32cubeide/plugins/com.st.stm32cube.ide.mcu.externaltools.gnu-tools-for-stm32.7-2018-q2-update.win32_1.5.0.202011040924/tools/bin/../lib/gcc/arm-none-eabi/7.3.1/thumb/v7e-m/fpv4-sp/hard\libgcc.a
LOAD c:/st/stm32cubeide_1.5.0/stm32cubeide/plugins/com.st.stm32cube.ide.mcu.externaltools.gnu-tools-for-stm32.7-2018-q2-update.win32_1.5.0.202011040924/tools/bin/../lib/gcc/arm-none-eabi/7.3.1/../../../../arm-none-eabi/lib/thumb/v7e-m/fpv4-sp/hard\libc_nano.a
END GROUP
START GROUP
LOAD c:/st/stm32cubeide_1.5.0/stm32cubeide/plugins/com.st.stm32cube.ide.mcu.externaltools.gnu-tools-for-stm32.7-2018-q2-update.win32_1.5.0.202011040924/tools/bin/../lib/gcc/arm-none-eabi/7.3.1/thumb/v7e-m/fpv4-sp/hard\libgcc.a
LOAD c:/st/stm32cubeide_1.5.0/stm32cubeide/plugins/com.st.stm32cube.ide.mcu.externaltools.gnu-tools-for-stm32.7-2018-q2-update.win32_1.5.0.202011040924/tools/bin/../lib/gcc/arm-none-eabi/7.3.1/../../../../arm-none-eabi/lib/thumb/v7e-m/fpv4-sp/hard\libc_nano.a
LOAD c:/st/stm32cubeide_1.5.0/stm32cubeide/plugins/com.st.stm32cube.ide.mcu.externaltools.gnu-tools-for-stm32.7-2018-q2-update.win32_1.5.0.202011040924/tools/bin/../lib/gcc/arm-none-eabi/7.3.1/../../../../arm-none-eabi/lib/thumb/v7e-m/fpv4-sp/hard\libnosys.a
END GROUP
START GROUP
LOAD c:/st/stm32cubeide_1.5.0/stm32cubeide/plugins/com.st.stm32cube.ide.mcu.externaltools.gnu-tools-for-stm32.7-2018-q2-update.win32_1.5.0.202011040924/tools/bin/../lib/gcc/arm-none-eabi/7.3.1/thumb/v7e-m/fpv4-sp/hard\libgcc.a
LOAD c:/st/stm32cubeide_1.5.0/stm32cubeide/plugins/com.st.stm32cube.ide.mcu.externaltools.gnu-tools-for-stm32.7-2018-q2-update.win32_1.5.0.202011040924/tools/bin/../lib/gcc/arm-none-eabi/7.3.1/../../../../arm-none-eabi/lib/thumb/v7e-m/fpv4-sp/hard\libc_nano.a
LOAD c:/st/stm32cubeide_1.5.0/stm32cubeide/plugins/com.st.stm32cube.ide.mcu.externaltools.gnu-tools-for-stm32.7-2018-q2-update.win32_1.5.0.202011040924/tools/bin/../lib/gcc/arm-none-eabi/7.3.1/../../../../arm-none-eabi/lib/thumb/v7e-m/fpv4-sp/hard\libnosys.a
END GROUP
LOAD c:/st/stm32cubeide_1.5.0/stm32cubeide/plugins/com.st.stm32cube.ide.mcu.externaltools.gnu-tools-for-stm32.7-2018-q2-update.win32_1.5.0.202011040924/tools/bin/../lib/gcc/arm-none-eabi/7.3.1/thumb/v7e-m/fpv4-sp/hard/crtend.o
LOAD c:/st/stm32cubeide_1.5.0/stm32cubeide/plugins/com.st.stm32cube.ide.mcu.externaltools.gnu-tools-for-stm32.7-2018-q2-update.win32_1.5.0.202011040924/tools/bin/../lib/gcc/arm-none-eabi/7.3.1/thumb/v7e-m/fpv4-sp/hard/crtn.o
                0x0000000020030000                _estack = (ORIGIN (RAM) + LENGTH (RAM))
                0x0000000000000200                _Min_Heap_Size = 0x200
                0x0000000000000400                _Min_Stack_Size = 0x400

.isr_vector     0x0000000008000000      0x1ac
                0x0000000008000000                . = ALIGN (0x4)
 *(.isr_vector)
 .isr_vector    0x0000000008000000      0x1ac Application/User/Startup/startup_stm32f429zitx.o
                0x0000000008000000                g_pfnVectors
                0x00000000080001ac                . = ALIGN (0x4)

.text           0x00000000080001ac     0x3690
                0x00000000080001ac                . = ALIGN (0x4)
 *(.text)
 .text          0x00000000080001ac       0x40 c:/st/stm32cubeide_1.5.0/stm32cubeide/plugins/com.st.stm32cube.ide.mcu.externaltools.gnu-tools-for-stm32.7-2018-q2-update.win32_1.5.0.202011040924/tools/bin/../lib/gcc/arm-none-eabi/7.3.1/thumb/v7e-m/fpv4-sp/hard/crtbegin.o
 .text          0x00000000080001ec       0x30 c:/st/stm32cubeide_1.5.0/stm32cubeide/plugins/com.st.stm32cube.ide.mcu.externaltools.gnu-tools-for-stm32.7-2018-q2-update.win32_1.5.0.202011040924/tools/bin/../lib/gcc/arm-none-eabi/7.3.1/thumb/v7e-m/fpv4-sp/hard\libgcc.a(_aeabi_uldivmod.o)
                0x00000000080001ec                __aeabi_uldivmod
 .text          0x000000000800021c      0x2cc c:/st/stm32cubeide_1.5.0/stm32cubeide/plugins/com.st.stm32cube.ide.mcu.externaltools.gnu-tools-for-stm32.7-2018-q2-update.win32_1.5.0.202011040924/tools/bin/../lib/gcc/arm-none-eabi/7.3.1/thumb/v7e-m/fpv4-sp/hard\libgcc.a(_udivmoddi4.o)
                0x000000000800021c                __udivmoddi4
 .text          0x00000000080004e8        0x4 c:/st/stm32cubeide_1.5.0/stm32cubeide/plugins/com.st.stm32cube.ide.mcu.externaltools.gnu-tools-for-stm32.7-2018-q2-update.win32_1.5.0.202011040924/tools/bin/../lib/gcc/arm-none-eabi/7.3.1/thumb/v7e-m/fpv4-sp/hard\libgcc.a(_dvmd_tls.o)
                0x00000000080004e8                __aeabi_idiv0
                0x00000000080004e8                __aeabi_ldiv0
 *(.text*)
 .text.ili9341_WriteData
                0x00000000080004ec       0x4c Application/User/Core/Driver_9341.o
                0x00000000080004ec                ili9341_WriteData
 .text.ili9341_WriteReg
                0x0000000008000538       0x4c Application/User/Core/Driver_9341.o
                0x0000000008000538                ili9341_WriteReg
 .text.SPIx_Init
                0x0000000008000584       0xe0 Application/User/Core/Driver_9341.o
 .text.LCD_IO_Init
                0x0000000008000664       0xe0 Application/User/Core/Driver_9341.o
                0x0000000008000664                LCD_IO_Init
 .text.ili9341_Init
                0x0000000008000744      0x294 Application/User/Core/Driver_9341.o
                0x0000000008000744                ili9341_Init
 .text.main     0x00000000080009d8      0x100 Application/User/Core/main.o
                0x00000000080009d8                main
 .text.SystemClock_Config
                0x0000000008000ad8      0x114 Application/User/Core/main.o
                0x0000000008000ad8                SystemClock_Config
 .text.MX_LTDC_Init
                0x0000000008000bec      0x104 Application/User/Core/main.o
 .text.MX_FMC_Init
                0x0000000008000cf0       0xac Application/User/Core/main.o
 .text.MX_GPIO_Init
                0x0000000008000d9c      0x14c Application/User/Core/main.o
 .text.SDRAM_Initialization_Sequence
                0x0000000008000ee8       0xbc Application/User/Core/main.o
 .text.Error_Handler
                0x0000000008000fa4        0x8 Application/User/Core/main.o
                0x0000000008000fa4                Error_Handler
 .text.HAL_MspInit
                0x0000000008000fac       0x50 Application/User/Core/stm32f4xx_hal_msp.o
                0x0000000008000fac                HAL_MspInit
 .text.HAL_LTDC_MspInit
                0x0000000008000ffc      0x23c Application/User/Core/stm32f4xx_hal_msp.o
                0x0000000008000ffc                HAL_LTDC_MspInit
 .text.HAL_FMC_MspInit
                0x0000000008001238      0x134 Application/User/Core/stm32f4xx_hal_msp.o
 .text.HAL_SDRAM_MspInit
                0x000000000800136c       0x14 Application/User/Core/stm32f4xx_hal_msp.o
                0x000000000800136c                HAL_SDRAM_MspInit
 .text.NMI_Handler
                0x0000000008001380        0x6 Application/User/Core/stm32f4xx_it.o
                0x0000000008001380                NMI_Handler
 .text.HardFault_Handler
                0x0000000008001386        0x6 Application/User/Core/stm32f4xx_it.o
                0x0000000008001386                HardFault_Handler
 .text.MemManage_Handler
                0x000000000800138c        0x6 Application/User/Core/stm32f4xx_it.o
                0x000000000800138c                MemManage_Handler
 .text.BusFault_Handler
                0x0000000008001392        0x6 Application/User/Core/stm32f4xx_it.o
                0x0000000008001392                BusFault_Handler
 .text.UsageFault_Handler
                0x0000000008001398        0x6 Application/User/Core/stm32f4xx_it.o
                0x0000000008001398                UsageFault_Handler
 .text.SVC_Handler
                0x000000000800139e        0xe Application/User/Core/stm32f4xx_it.o
                0x000000000800139e                SVC_Handler
 .text.DebugMon_Handler
                0x00000000080013ac        0xe Application/User/Core/stm32f4xx_it.o
                0x00000000080013ac                DebugMon_Handler
 .text.PendSV_Handler
                0x00000000080013ba        0xe Application/User/Core/stm32f4xx_it.o
                0x00000000080013ba                PendSV_Handler
 .text.SysTick_Handler
                0x00000000080013c8        0xc Application/User/Core/stm32f4xx_it.o
                0x00000000080013c8                SysTick_Handler
 .text.FMC_IRQHandler
                0x00000000080013d4       0x14 Application/User/Core/stm32f4xx_it.o
                0x00000000080013d4                FMC_IRQHandler
 .text.LTDC_IRQHandler
                0x00000000080013e8       0x14 Application/User/Core/stm32f4xx_it.o
                0x00000000080013e8                LTDC_IRQHandler
 .text.LTDC_ER_IRQHandler
                0x00000000080013fc       0x14 Application/User/Core/stm32f4xx_it.o
                0x00000000080013fc                LTDC_ER_IRQHandler
 .text.Reset_Handler
                0x0000000008001410       0x50 Application/User/Startup/startup_stm32f429zitx.o
                0x0000000008001410                Reset_Handler
 .text.Default_Handler
                0x0000000008001460        0x2 Application/User/Startup/startup_stm32f429zitx.o
                0x0000000008001460                RTC_Alarm_IRQHandler
                0x0000000008001460                HASH_RNG_IRQHandler
                0x0000000008001460                EXTI2_IRQHandler
                0x0000000008001460                TIM8_CC_IRQHandler
                0x0000000008001460                UART8_IRQHandler
                0x0000000008001460                SPI4_IRQHandler
                0x0000000008001460                TIM1_CC_IRQHandler
                0x0000000008001460                DMA2_Stream5_IRQHandler
                0x0000000008001460                DMA1_Stream5_IRQHandler
                0x0000000008001460                PVD_IRQHandler
                0x0000000008001460                SDIO_IRQHandler
                0x0000000008001460                TAMP_STAMP_IRQHandler
                0x0000000008001460                CAN2_RX1_IRQHandler
                0x0000000008001460                EXTI3_IRQHandler
                0x0000000008001460                TIM8_TRG_COM_TIM14_IRQHandler
                0x0000000008001460                TIM1_UP_TIM10_IRQHandler
                0x0000000008001460                TIM8_UP_TIM13_IRQHandler
                0x0000000008001460                I2C3_ER_IRQHandler
                0x0000000008001460                EXTI0_IRQHandler
                0x0000000008001460                I2C2_EV_IRQHandler
                0x0000000008001460                DMA1_Stream2_IRQHandler
                0x0000000008001460                CAN1_RX0_IRQHandler
                0x0000000008001460                FPU_IRQHandler
                0x0000000008001460                OTG_HS_WKUP_IRQHandler
                0x0000000008001460                CAN2_SCE_IRQHandler
                0x0000000008001460                DMA2_Stream2_IRQHandler
                0x0000000008001460                SPI1_IRQHandler
                0x0000000008001460                TIM6_DAC_IRQHandler
                0x0000000008001460                TIM1_BRK_TIM9_IRQHandler
                0x0000000008001460                DCMI_IRQHandler
                0x0000000008001460                CAN2_RX0_IRQHandler
                0x0000000008001460                DMA2_Stream3_IRQHandler
                0x0000000008001460                USART6_IRQHandler
                0x0000000008001460                USART3_IRQHandler
                0x0000000008001460                CAN1_RX1_IRQHandler
                0x0000000008001460                UART5_IRQHandler
                0x0000000008001460                DMA2_Stream0_IRQHandler
                0x0000000008001460                TIM4_IRQHandler
                0x0000000008001460                I2C1_EV_IRQHandler
                0x0000000008001460                DMA1_Stream6_IRQHandler
                0x0000000008001460                DMA1_Stream1_IRQHandler
                0x0000000008001460                UART4_IRQHandler
                0x0000000008001460                TIM3_IRQHandler
                0x0000000008001460                RCC_IRQHandler
                0x0000000008001460                TIM8_BRK_TIM12_IRQHandler
                0x0000000008001460                Default_Handler
                0x0000000008001460                EXTI15_10_IRQHandler
                0x0000000008001460                ADC_IRQHandler
                0x0000000008001460                DMA1_Stream7_IRQHandler
                0x0000000008001460                SPI5_IRQHandler
                0x0000000008001460                TIM7_IRQHandler
                0x0000000008001460                CAN2_TX_IRQHandler
                0x0000000008001460                TIM5_IRQHandler
                0x0000000008001460                DMA2_Stream7_IRQHandler
                0x0000000008001460                I2C3_EV_IRQHandler
                0x0000000008001460                EXTI9_5_IRQHandler
                0x0000000008001460                RTC_WKUP_IRQHandler
                0x0000000008001460                ETH_WKUP_IRQHandler
                0x0000000008001460                SPI2_IRQHandler
                0x0000000008001460                OTG_HS_EP1_IN_IRQHandler
                0x0000000008001460                DMA1_Stream0_IRQHandler
                0x0000000008001460                CAN1_TX_IRQHandler
                0x0000000008001460                EXTI4_IRQHandler
                0x0000000008001460                ETH_IRQHandler
                0x0000000008001460                OTG_HS_EP1_OUT_IRQHandler
                0x0000000008001460                WWDG_IRQHandler
                0x0000000008001460                SPI6_IRQHandler
                0x0000000008001460                TIM2_IRQHandler
                0x0000000008001460                OTG_FS_WKUP_IRQHandler
                0x0000000008001460                TIM1_TRG_COM_TIM11_IRQHandler
                0x0000000008001460                OTG_HS_IRQHandler
                0x0000000008001460                DMA2D_IRQHandler
                0x0000000008001460                EXTI1_IRQHandler
                0x0000000008001460                UART7_IRQHandler
                0x0000000008001460                USART2_IRQHandler
                0x0000000008001460                I2C2_ER_IRQHandler
                0x0000000008001460                DMA2_Stream1_IRQHandler
                0x0000000008001460                CAN1_SCE_IRQHandler
                0x0000000008001460                FLASH_IRQHandler
                0x0000000008001460                DMA2_Stream4_IRQHandler
                0x0000000008001460                USART1_IRQHandler
                0x0000000008001460                OTG_FS_IRQHandler
                0x0000000008001460                SPI3_IRQHandler
                0x0000000008001460                DMA1_Stream4_IRQHandler
                0x0000000008001460                I2C1_ER_IRQHandler
                0x0000000008001460                DMA2_Stream6_IRQHandler
                0x0000000008001460                SAI1_IRQHandler
                0x0000000008001460                DMA1_Stream3_IRQHandler
 *fill*         0x0000000008001462        0x2 
 .text.SystemInit
                0x0000000008001464       0x2c Drivers/CMSIS/system_stm32f4xx.o
                0x0000000008001464                SystemInit
 .text.HAL_Init
                0x0000000008001490       0x44 Drivers/STM32F4xx_HAL_Driver/stm32f4xx_hal.o
                0x0000000008001490                HAL_Init
 .text.HAL_InitTick
                0x00000000080014d4       0x60 Drivers/STM32F4xx_HAL_Driver/stm32f4xx_hal.o
                0x00000000080014d4                HAL_InitTick
 .text.HAL_IncTick
                0x0000000008001534       0x28 Drivers/STM32F4xx_HAL_Driver/stm32f4xx_hal.o
                0x0000000008001534                HAL_IncTick
 .text.HAL_GetTick
                0x000000000800155c       0x18 Drivers/STM32F4xx_HAL_Driver/stm32f4xx_hal.o
                0x000000000800155c                HAL_GetTick
 .text.HAL_Delay
                0x0000000008001574       0x44 Drivers/STM32F4xx_HAL_Driver/stm32f4xx_hal.o
                0x0000000008001574                HAL_Delay
 .text.__NVIC_SetPriorityGrouping
                0x00000000080015b8       0x48 Drivers/STM32F4xx_HAL_Driver/stm32f4xx_hal_cortex.o
 .text.__NVIC_GetPriorityGrouping
                0x0000000008001600       0x1c Drivers/STM32F4xx_HAL_Driver/stm32f4xx_hal_cortex.o
 .text.__NVIC_EnableIRQ
                0x000000000800161c       0x3c Drivers/STM32F4xx_HAL_Driver/stm32f4xx_hal_cortex.o
 .text.__NVIC_SetPriority
                0x0000000008001658       0x54 Drivers/STM32F4xx_HAL_Driver/stm32f4xx_hal_cortex.o
 .text.NVIC_EncodePriority
                0x00000000080016ac       0x66 Drivers/STM32F4xx_HAL_Driver/stm32f4xx_hal_cortex.o
 *fill*         0x0000000008001712        0x2 
 .text.SysTick_Config
                0x0000000008001714       0x44 Drivers/STM32F4xx_HAL_Driver/stm32f4xx_hal_cortex.o
 .text.HAL_NVIC_SetPriorityGrouping
                0x0000000008001758       0x16 Drivers/STM32F4xx_HAL_Driver/stm32f4xx_hal_cortex.o
                0x0000000008001758                HAL_NVIC_SetPriorityGrouping
 .text.HAL_NVIC_SetPriority
                0x000000000800176e       0x38 Drivers/STM32F4xx_HAL_Driver/stm32f4xx_hal_cortex.o
                0x000000000800176e                HAL_NVIC_SetPriority
 .text.HAL_NVIC_EnableIRQ
                0x00000000080017a6       0x1c Drivers/STM32F4xx_HAL_Driver/stm32f4xx_hal_cortex.o
                0x00000000080017a6                HAL_NVIC_EnableIRQ
 .text.HAL_SYSTICK_Config
                0x00000000080017c2       0x18 Drivers/STM32F4xx_HAL_Driver/stm32f4xx_hal_cortex.o
                0x00000000080017c2                HAL_SYSTICK_Config
 *fill*         0x00000000080017da        0x2 
 .text.HAL_GPIO_Init
                0x00000000080017dc      0x354 Drivers/STM32F4xx_HAL_Driver/stm32f4xx_hal_gpio.o
                0x00000000080017dc                HAL_GPIO_Init
 .text.HAL_GPIO_ReadPin
                0x0000000008001b30       0x30 Drivers/STM32F4xx_HAL_Driver/stm32f4xx_hal_gpio.o
                0x0000000008001b30                HAL_GPIO_ReadPin
 .text.HAL_GPIO_WritePin
                0x0000000008001b60       0x32 Drivers/STM32F4xx_HAL_Driver/stm32f4xx_hal_gpio.o
                0x0000000008001b60                HAL_GPIO_WritePin
 *fill*         0x0000000008001b92        0x2 
 .text.HAL_LTDC_Init
                0x0000000008001b94      0x1a0 Drivers/STM32F4xx_HAL_Driver/stm32f4xx_hal_ltdc.o
                0x0000000008001b94                HAL_LTDC_Init
 .text.HAL_LTDC_IRQHandler
                0x0000000008001d34      0x148 Drivers/STM32F4xx_HAL_Driver/stm32f4xx_hal_ltdc.o
                0x0000000008001d34                HAL_LTDC_IRQHandler
 .text.HAL_LTDC_ErrorCallback
                0x0000000008001e7c       0x14 Drivers/STM32F4xx_HAL_Driver/stm32f4xx_hal_ltdc.o
                0x0000000008001e7c                HAL_LTDC_ErrorCallback
 .text.HAL_LTDC_LineEventCallback
                0x0000000008001e90       0x14 Drivers/STM32F4xx_HAL_Driver/stm32f4xx_hal_ltdc.o
                0x0000000008001e90                HAL_LTDC_LineEventCallback
 .text.HAL_LTDC_ReloadEventCallback
                0x0000000008001ea4       0x14 Drivers/STM32F4xx_HAL_Driver/stm32f4xx_hal_ltdc.o
                0x0000000008001ea4                HAL_LTDC_ReloadEventCallback
 .text.HAL_LTDC_ConfigLayer
                0x0000000008001eb8       0x7c Drivers/STM32F4xx_HAL_Driver/stm32f4xx_hal_ltdc.o
                0x0000000008001eb8                HAL_LTDC_ConfigLayer
 .text.HAL_LTDC_SetAddress
                0x0000000008001f34       0x6c Drivers/STM32F4xx_HAL_Driver/stm32f4xx_hal_ltdc.o
                0x0000000008001f34                HAL_LTDC_SetAddress
 .text.LTDC_SetConfig
                0x0000000008001fa0      0x32e Drivers/STM32F4xx_HAL_Driver/stm32f4xx_hal_ltdc.o
 *fill*         0x00000000080022ce        0x2 
 .text.HAL_PWREx_EnableOverDrive
                0x00000000080022d0       0xa0 Drivers/STM32F4xx_HAL_Driver/stm32f4xx_hal_pwr_ex.o
                0x00000000080022d0                HAL_PWREx_EnableOverDrive
 .text.HAL_RCC_OscConfig
                0x0000000008002370      0x4e0 Drivers/STM32F4xx_HAL_Driver/stm32f4xx_hal_rcc.o
                0x0000000008002370                HAL_RCC_OscConfig
 .text.HAL_RCC_ClockConfig
                0x0000000008002850      0x1cc Drivers/STM32F4xx_HAL_Driver/stm32f4xx_hal_rcc.o
                0x0000000008002850                HAL_RCC_ClockConfig
 .text.HAL_RCC_GetSysClockFreq
                0x0000000008002a1c      0x1b0 Drivers/STM32F4xx_HAL_Driver/stm32f4xx_hal_rcc.o
                0x0000000008002a1c                HAL_RCC_GetSysClockFreq
 .text.HAL_RCCEx_PeriphCLKConfig
                0x0000000008002bcc      0x37c Drivers/STM32F4xx_HAL_Driver/stm32f4xx_hal_rcc_ex.o
                0x0000000008002bcc                HAL_RCCEx_PeriphCLKConfig
 .text.HAL_SDRAM_Init
                0x0000000008002f48       0x68 Drivers/STM32F4xx_HAL_Driver/stm32f4xx_hal_sdram.o
                0x0000000008002f48                HAL_SDRAM_Init
 .text.HAL_SDRAM_IRQHandler
                0x0000000008002fb0       0x34 Drivers/STM32F4xx_HAL_Driver/stm32f4xx_hal_sdram.o
                0x0000000008002fb0                HAL_SDRAM_IRQHandler
 .text.HAL_SDRAM_RefreshErrorCallback
                0x0000000008002fe4       0x14 Drivers/STM32F4xx_HAL_Driver/stm32f4xx_hal_sdram.o
                0x0000000008002fe4                HAL_SDRAM_RefreshErrorCallback
 .text.HAL_SDRAM_SendCommand
                0x0000000008002ff8       0x56 Drivers/STM32F4xx_HAL_Driver/stm32f4xx_hal_sdram.o
                0x0000000008002ff8                HAL_SDRAM_SendCommand
 .text.HAL_SDRAM_ProgramRefreshRate
                0x000000000800304e       0x40 Drivers/STM32F4xx_HAL_Driver/stm32f4xx_hal_sdram.o
                0x000000000800304e                HAL_SDRAM_ProgramRefreshRate
 .text.HAL_SPI_Init
                0x000000000800308e       0xc8 Drivers/STM32F4xx_HAL_Driver/stm32f4xx_hal_spi.o
                0x000000000800308e                HAL_SPI_Init
 .text.HAL_SPI_MspInit
                0x0000000008003156       0x14 Drivers/STM32F4xx_HAL_Driver/stm32f4xx_hal_spi.o
                0x0000000008003156                HAL_SPI_MspInit
 .text.HAL_SPI_Transmit
                0x000000000800316a      0x268 Drivers/STM32F4xx_HAL_Driver/stm32f4xx_hal_spi.o
                0x000000000800316a                HAL_SPI_Transmit
 .text.HAL_SPI_GetState
                0x00000000080033d2       0x1c Drivers/STM32F4xx_HAL_Driver/stm32f4xx_hal_spi.o
                0x00000000080033d2                HAL_SPI_GetState
 .text.SPI_WaitFlagStateUntilTimeout
                0x00000000080033ee       0xd4 Drivers/STM32F4xx_HAL_Driver/stm32f4xx_hal_spi.o
 *fill*         0x00000000080034c2        0x2 
 .text.SPI_EndRxTxTransaction
                0x00000000080034c4       0x84 Drivers/STM32F4xx_HAL_Driver/stm32f4xx_hal_spi.o
 .text.FMC_SDRAM_Init
                0x0000000008003548       0xe6 Drivers/STM32F4xx_HAL_Driver/stm32f4xx_ll_fmc.o
                0x0000000008003548                FMC_SDRAM_Init
 .text.FMC_SDRAM_Timing_Init
                0x000000000800362e       0xfe Drivers/STM32F4xx_HAL_Driver/stm32f4xx_ll_fmc.o
                0x000000000800362e                FMC_SDRAM_Timing_Init
 .text.FMC_SDRAM_SendCommand
                0x000000000800372c       0x78 Drivers/STM32F4xx_HAL_Driver/stm32f4xx_ll_fmc.o
                0x000000000800372c                FMC_SDRAM_SendCommand
 .text.FMC_SDRAM_ProgramRefreshRate
                0x00000000080037a4       0x26 Drivers/STM32F4xx_HAL_Driver/stm32f4xx_ll_fmc.o
                0x00000000080037a4                FMC_SDRAM_ProgramRefreshRate
 *fill*         0x00000000080037ca        0x2 
 .text.__libc_init_array
                0x00000000080037cc       0x48 c:/st/stm32cubeide_1.5.0/stm32cubeide/plugins/com.st.stm32cube.ide.mcu.externaltools.gnu-tools-for-stm32.7-2018-q2-update.win32_1.5.0.202011040924/tools/bin/../lib/gcc/arm-none-eabi/7.3.1/../../../../arm-none-eabi/lib/thumb/v7e-m/fpv4-sp/hard\libc_nano.a(lib_a-init.o)
                0x00000000080037cc                __libc_init_array
 .text.memset   0x0000000008003814       0x10 c:/st/stm32cubeide_1.5.0/stm32cubeide/plugins/com.st.stm32cube.ide.mcu.externaltools.gnu-tools-for-stm32.7-2018-q2-update.win32_1.5.0.202011040924/tools/bin/../lib/gcc/arm-none-eabi/7.3.1/../../../../arm-none-eabi/lib/thumb/v7e-m/fpv4-sp/hard\libc_nano.a(lib_a-memset.o)
                0x0000000008003814                memset
 *(.glue_7)
 .glue_7        0x0000000008003824        0x0 linker stubs
 *(.glue_7t)
 .glue_7t       0x0000000008003824        0x0 linker stubs
 *(.eh_frame)
 .eh_frame      0x0000000008003824        0x0 c:/st/stm32cubeide_1.5.0/stm32cubeide/plugins/com.st.stm32cube.ide.mcu.externaltools.gnu-tools-for-stm32.7-2018-q2-update.win32_1.5.0.202011040924/tools/bin/../lib/gcc/arm-none-eabi/7.3.1/thumb/v7e-m/fpv4-sp/hard/crtbegin.o
 *(.init)
 .init          0x0000000008003824        0x4 c:/st/stm32cubeide_1.5.0/stm32cubeide/plugins/com.st.stm32cube.ide.mcu.externaltools.gnu-tools-for-stm32.7-2018-q2-update.win32_1.5.0.202011040924/tools/bin/../lib/gcc/arm-none-eabi/7.3.1/thumb/v7e-m/fpv4-sp/hard/crti.o
                0x0000000008003824                _init
 .init          0x0000000008003828        0x8 c:/st/stm32cubeide_1.5.0/stm32cubeide/plugins/com.st.stm32cube.ide.mcu.externaltools.gnu-tools-for-stm32.7-2018-q2-update.win32_1.5.0.202011040924/tools/bin/../lib/gcc/arm-none-eabi/7.3.1/thumb/v7e-m/fpv4-sp/hard/crtn.o
 *(.fini)
 .fini          0x0000000008003830        0x4 c:/st/stm32cubeide_1.5.0/stm32cubeide/plugins/com.st.stm32cube.ide.mcu.externaltools.gnu-tools-for-stm32.7-2018-q2-update.win32_1.5.0.202011040924/tools/bin/../lib/gcc/arm-none-eabi/7.3.1/thumb/v7e-m/fpv4-sp/hard/crti.o
                0x0000000008003830                _fini
 .fini          0x0000000008003834        0x8 c:/st/stm32cubeide_1.5.0/stm32cubeide/plugins/com.st.stm32cube.ide.mcu.externaltools.gnu-tools-for-stm32.7-2018-q2-update.win32_1.5.0.202011040924/tools/bin/../lib/gcc/arm-none-eabi/7.3.1/thumb/v7e-m/fpv4-sp/hard/crtn.o
                0x000000000800383c                . = ALIGN (0x4)
                0x000000000800383c                _etext = .

.vfp11_veneer   0x000000000800383c        0x0
 .vfp11_veneer  0x000000000800383c        0x0 linker stubs

.v4_bx          0x000000000800383c        0x0
 .v4_bx         0x000000000800383c        0x0 linker stubs

.iplt           0x000000000800383c        0x0
 .iplt          0x000000000800383c        0x0 c:/st/stm32cubeide_1.5.0/stm32cubeide/plugins/com.st.stm32cube.ide.mcu.externaltools.gnu-tools-for-stm32.7-2018-q2-update.win32_1.5.0.202011040924/tools/bin/../lib/gcc/arm-none-eabi/7.3.1/thumb/v7e-m/fpv4-sp/hard/crtbegin.o

.rodata         0x000000000800383c    0x4b010
                0x000000000800383c                . = ALIGN (0x4)
 *(.rodata)
 *(.rodata*)
 .rodata.image_data_TESTE
                0x000000000800383c    0x25800 Application/User/Core/main.o
 .rodata.image_data_Girafa_240x320
                0x000000000802903c    0x25800 Application/User/Core/main.o
 .rodata.AHBPrescTable
                0x000000000804e83c       0x10 Drivers/CMSIS/system_stm32f4xx.o
                0x000000000804e83c                AHBPrescTable
                0x000000000804e84c                . = ALIGN (0x4)

.ARM.extab      0x000000000804e84c        0x0
                0x000000000804e84c                . = ALIGN (0x4)
 *(.ARM.extab* .gnu.linkonce.armextab.*)
                0x000000000804e84c                . = ALIGN (0x4)

.ARM            0x000000000804e84c        0x8
                0x000000000804e84c                . = ALIGN (0x4)
                0x000000000804e84c                __exidx_start = .
 *(.ARM.exidx*)
 .ARM.exidx     0x000000000804e84c        0x8 c:/st/stm32cubeide_1.5.0/stm32cubeide/plugins/com.st.stm32cube.ide.mcu.externaltools.gnu-tools-for-stm32.7-2018-q2-update.win32_1.5.0.202011040924/tools/bin/../lib/gcc/arm-none-eabi/7.3.1/thumb/v7e-m/fpv4-sp/hard\libgcc.a(_udivmoddi4.o)
                0x000000000804e854                __exidx_end = .
                0x000000000804e854                . = ALIGN (0x4)

.rel.dyn        0x000000000804e854        0x0
 .rel.iplt      0x000000000804e854        0x0 c:/st/stm32cubeide_1.5.0/stm32cubeide/plugins/com.st.stm32cube.ide.mcu.externaltools.gnu-tools-for-stm32.7-2018-q2-update.win32_1.5.0.202011040924/tools/bin/../lib/gcc/arm-none-eabi/7.3.1/thumb/v7e-m/fpv4-sp/hard/crtbegin.o

.preinit_array  0x000000000804e854        0x0
                0x000000000804e854                . = ALIGN (0x4)
                0x000000000804e854                PROVIDE (__preinit_array_start = .)
 *(.preinit_array*)
                0x000000000804e854                PROVIDE (__preinit_array_end = .)
                0x000000000804e854                . = ALIGN (0x4)

.init_array     0x000000000804e854        0x4
                0x000000000804e854                . = ALIGN (0x4)
                0x000000000804e854                PROVIDE (__init_array_start = .)
 *(SORT_BY_NAME(.init_array.*))
 *(.init_array*)
 .init_array    0x000000000804e854        0x4 c:/st/stm32cubeide_1.5.0/stm32cubeide/plugins/com.st.stm32cube.ide.mcu.externaltools.gnu-tools-for-stm32.7-2018-q2-update.win32_1.5.0.202011040924/tools/bin/../lib/gcc/arm-none-eabi/7.3.1/thumb/v7e-m/fpv4-sp/hard/crtbegin.o
                0x000000000804e858                PROVIDE (__init_array_end = .)
                0x000000000804e858                . = ALIGN (0x4)

.fini_array     0x000000000804e858        0x4
                0x000000000804e858                . = ALIGN (0x4)
                [!provide]                        PROVIDE (__fini_array_start = .)
 *(SORT_BY_NAME(.fini_array.*))
 *(.fini_array*)
 .fini_array    0x000000000804e858        0x4 c:/st/stm32cubeide_1.5.0/stm32cubeide/plugins/com.st.stm32cube.ide.mcu.externaltools.gnu-tools-for-stm32.7-2018-q2-update.win32_1.5.0.202011040924/tools/bin/../lib/gcc/arm-none-eabi/7.3.1/thumb/v7e-m/fpv4-sp/hard/crtbegin.o
                [!provide]                        PROVIDE (__fini_array_end = .)
                0x000000000804e85c                . = ALIGN (0x4)
                0x000000000804e85c                _sidata = LOADADDR (.data)

.data           0x0000000020000000        0xc load address 0x000000000804e85c
                0x0000000020000000                . = ALIGN (0x4)
                0x0000000020000000                _sdata = .
 *(.data)
 *(.data*)
 .data.SystemCoreClock
                0x0000000020000000        0x4 Drivers/CMSIS/system_stm32f4xx.o
                0x0000000020000000                SystemCoreClock
 .data.uwTickPrio
                0x0000000020000004        0x4 Drivers/STM32F4xx_HAL_Driver/stm32f4xx_hal.o
                0x0000000020000004                uwTickPrio
 .data.uwTickFreq
                0x0000000020000008        0x1 Drivers/STM32F4xx_HAL_Driver/stm32f4xx_hal.o
                0x0000000020000008                uwTickFreq
                0x000000002000000c                . = ALIGN (0x4)
 *fill*         0x0000000020000009        0x3 
                0x000000002000000c                _edata = .

.igot.plt       0x000000002000000c        0x0 load address 0x000000000804e868
 .igot.plt      0x000000002000000c        0x0 c:/st/stm32cubeide_1.5.0/stm32cubeide/plugins/com.st.stm32cube.ide.mcu.externaltools.gnu-tools-for-stm32.7-2018-q2-update.win32_1.5.0.202011040924/tools/bin/../lib/gcc/arm-none-eabi/7.3.1/thumb/v7e-m/fpv4-sp/hard/crtbegin.o
                0x000000002000000c                . = ALIGN (0x4)

.bss            0x000000002000000c      0x17c load address 0x000000000804e868
                0x000000002000000c                _sbss = .
                0x000000002000000c                __bss_start__ = _sbss
 *(.bss)
 .bss           0x000000002000000c       0x1c c:/st/stm32cubeide_1.5.0/stm32cubeide/plugins/com.st.stm32cube.ide.mcu.externaltools.gnu-tools-for-stm32.7-2018-q2-update.win32_1.5.0.202011040924/tools/bin/../lib/gcc/arm-none-eabi/7.3.1/thumb/v7e-m/fpv4-sp/hard/crtbegin.o
 *(.bss*)
 .bss.SpiHandle
                0x0000000020000028       0x58 Application/User/Core/Driver_9341.o
 .bss.FMC_Initialized
                0x0000000020000080        0x4 Application/User/Core/stm32f4xx_hal_msp.o
 *(COMMON)
 COMMON         0x0000000020000084       0x14 Application/User/Core/Driver_9341.o
                0x0000000020000084                GPIO_InitStructure
 COMMON         0x0000000020000098       0xec Application/User/Core/main.o
                0x0000000020000098                command
                0x00000000200000a8                hltdc
                0x0000000020000150                hsdram1
 COMMON         0x0000000020000184        0x4 Drivers/STM32F4xx_HAL_Driver/stm32f4xx_hal.o
                0x0000000020000184                uwTick
                0x0000000020000188                . = ALIGN (0x4)
                0x0000000020000188                _ebss = .
                0x0000000020000188                __bss_end__ = _ebss

._user_heap_stack
                0x0000000020000188      0x600 load address 0x000000000804e868
                0x0000000020000188                . = ALIGN (0x8)
                [!provide]                        PROVIDE (end = .)
                0x0000000020000188                PROVIDE (_end = .)
                0x0000000020000388                . = (. + _Min_Heap_Size)
 *fill*         0x0000000020000188      0x200 
                0x0000000020000788                . = (. + _Min_Stack_Size)
 *fill*         0x0000000020000388      0x400 
                0x0000000020000788                . = ALIGN (0x8)

/DISCARD/
 libc.a(*)
 libm.a(*)
 libgcc.a(*)

.ARM.attributes
                0x0000000000000000       0x30
 *(.ARM.attributes)
 .ARM.attributes
                0x0000000000000000       0x22 c:/st/stm32cubeide_1.5.0/stm32cubeide/plugins/com.st.stm32cube.ide.mcu.externaltools.gnu-tools-for-stm32.7-2018-q2-update.win32_1.5.0.202011040924/tools/bin/../lib/gcc/arm-none-eabi/7.3.1/thumb/v7e-m/fpv4-sp/hard/crti.o
 .ARM.attributes
                0x0000000000000022       0x34 c:/st/stm32cubeide_1.5.0/stm32cubeide/plugins/com.st.stm32cube.ide.mcu.externaltools.gnu-tools-for-stm32.7-2018-q2-update.win32_1.5.0.202011040924/tools/bin/../lib/gcc/arm-none-eabi/7.3.1/thumb/v7e-m/fpv4-sp/hard/crtbegin.o
 .ARM.attributes
                0x0000000000000056       0x39 Application/User/Core/Driver_9341.o
 .ARM.attributes
                0x000000000000008f       0x39 Application/User/Core/main.o
 .ARM.attributes
                0x00000000000000c8       0x39 Application/User/Core/stm32f4xx_hal_msp.o
 .ARM.attributes
                0x0000000000000101       0x39 Application/User/Core/stm32f4xx_it.o
 .ARM.attributes
                0x000000000000013a       0x21 Application/User/Startup/startup_stm32f429zitx.o
 .ARM.attributes
                0x000000000000015b       0x39 Drivers/CMSIS/system_stm32f4xx.o
 .ARM.attributes
                0x0000000000000194       0x39 Drivers/STM32F4xx_HAL_Driver/stm32f4xx_hal.o
 .ARM.attributes
                0x00000000000001cd       0x39 Drivers/STM32F4xx_HAL_Driver/stm32f4xx_hal_cortex.o
 .ARM.attributes
                0x0000000000000206       0x39 Drivers/STM32F4xx_HAL_Driver/stm32f4xx_hal_gpio.o
 .ARM.attributes
                0x000000000000023f       0x39 Drivers/STM32F4xx_HAL_Driver/stm32f4xx_hal_ltdc.o
 .ARM.attributes
                0x0000000000000278       0x39 Drivers/STM32F4xx_HAL_Driver/stm32f4xx_hal_pwr_ex.o
 .ARM.attributes
                0x00000000000002b1       0x39 Drivers/STM32F4xx_HAL_Driver/stm32f4xx_hal_rcc.o
 .ARM.attributes
                0x00000000000002ea       0x39 Drivers/STM32F4xx_HAL_Driver/stm32f4xx_hal_rcc_ex.o
 .ARM.attributes
                0x0000000000000323       0x39 Drivers/STM32F4xx_HAL_Driver/stm32f4xx_hal_sdram.o
 .ARM.attributes
                0x000000000000035c       0x39 Drivers/STM32F4xx_HAL_Driver/stm32f4xx_hal_spi.o
 .ARM.attributes
                0x0000000000000395       0x39 Drivers/STM32F4xx_HAL_Driver/stm32f4xx_ll_fmc.o
 .ARM.attributes
                0x00000000000003ce       0x34 c:/st/stm32cubeide_1.5.0/stm32cubeide/plugins/com.st.stm32cube.ide.mcu.externaltools.gnu-tools-for-stm32.7-2018-q2-update.win32_1.5.0.202011040924/tools/bin/../lib/gcc/arm-none-eabi/7.3.1/../../../../arm-none-eabi/lib/thumb/v7e-m/fpv4-sp/hard\libc_nano.a(lib_a-init.o)
 .ARM.attributes
                0x0000000000000402       0x34 c:/st/stm32cubeide_1.5.0/stm32cubeide/plugins/com.st.stm32cube.ide.mcu.externaltools.gnu-tools-for-stm32.7-2018-q2-update.win32_1.5.0.202011040924/tools/bin/../lib/gcc/arm-none-eabi/7.3.1/../../../../arm-none-eabi/lib/thumb/v7e-m/fpv4-sp/hard\libc_nano.a(lib_a-memset.o)
 .ARM.attributes
                0x0000000000000436       0x22 c:/st/stm32cubeide_1.5.0/stm32cubeide/plugins/com.st.stm32cube.ide.mcu.externaltools.gnu-tools-for-stm32.7-2018-q2-update.win32_1.5.0.202011040924/tools/bin/../lib/gcc/arm-none-eabi/7.3.1/thumb/v7e-m/fpv4-sp/hard\libgcc.a(_aeabi_uldivmod.o)
 .ARM.attributes
                0x0000000000000458       0x34 c:/st/stm32cubeide_1.5.0/stm32cubeide/plugins/com.st.stm32cube.ide.mcu.externaltools.gnu-tools-for-stm32.7-2018-q2-update.win32_1.5.0.202011040924/tools/bin/../lib/gcc/arm-none-eabi/7.3.1/thumb/v7e-m/fpv4-sp/hard\libgcc.a(_udivmoddi4.o)
 .ARM.attributes
                0x000000000000048c       0x22 c:/st/stm32cubeide_1.5.0/stm32cubeide/plugins/com.st.stm32cube.ide.mcu.externaltools.gnu-tools-for-stm32.7-2018-q2-update.win32_1.5.0.202011040924/tools/bin/../lib/gcc/arm-none-eabi/7.3.1/thumb/v7e-m/fpv4-sp/hard\libgcc.a(_dvmd_tls.o)
 .ARM.attributes
                0x00000000000004ae       0x22 c:/st/stm32cubeide_1.5.0/stm32cubeide/plugins/com.st.stm32cube.ide.mcu.externaltools.gnu-tools-for-stm32.7-2018-q2-update.win32_1.5.0.202011040924/tools/bin/../lib/gcc/arm-none-eabi/7.3.1/thumb/v7e-m/fpv4-sp/hard/crtn.o
OUTPUT(LCD-TFT_FMC.elf elf32-littlearm)

.debug_info     0x0000000000000000     0xbd28
 .debug_info    0x0000000000000000      0xa41 Application/User/Core/Driver_9341.o
 .debug_info    0x0000000000000a41     0x19e6 Application/User/Core/main.o
 .debug_info    0x0000000000002427      0xfe7 Application/User/Core/stm32f4xx_hal_msp.o
 .debug_info    0x000000000000340e      0x9a0 Application/User/Core/stm32f4xx_it.o
 .debug_info    0x0000000000003dae       0x22 Application/User/Startup/startup_stm32f429zitx.o
 .debug_info    0x0000000000003dd0      0x56e Drivers/CMSIS/system_stm32f4xx.o
 .debug_info    0x000000000000433e      0x9b9 Drivers/STM32F4xx_HAL_Driver/stm32f4xx_hal.o
 .debug_info    0x0000000000004cf7      0xe5e Drivers/STM32F4xx_HAL_Driver/stm32f4xx_hal_cortex.o
 .debug_info    0x0000000000005b55      0x7cf Drivers/STM32F4xx_HAL_Driver/stm32f4xx_hal_gpio.o
 .debug_info    0x0000000000006324     0x1104 Drivers/STM32F4xx_HAL_Driver/stm32f4xx_hal_ltdc.o
 .debug_info    0x0000000000007428      0x747 Drivers/STM32F4xx_HAL_Driver/stm32f4xx_hal_pwr_ex.o
 .debug_info    0x0000000000007b6f      0x91e Drivers/STM32F4xx_HAL_Driver/stm32f4xx_hal_rcc.o
 .debug_info    0x000000000000848d      0x6bc Drivers/STM32F4xx_HAL_Driver/stm32f4xx_hal_rcc_ex.o
 .debug_info    0x0000000000008b49      0xc9a Drivers/STM32F4xx_HAL_Driver/stm32f4xx_hal_sdram.o
 .debug_info    0x00000000000097e3     0x163a Drivers/STM32F4xx_HAL_Driver/stm32f4xx_hal_spi.o
 .debug_info    0x000000000000ae1d      0xf0b Drivers/STM32F4xx_HAL_Driver/stm32f4xx_ll_fmc.o

.debug_abbrev   0x0000000000000000     0x1ca6
 .debug_abbrev  0x0000000000000000      0x1cd Application/User/Core/Driver_9341.o
 .debug_abbrev  0x00000000000001cd      0x283 Application/User/Core/main.o
 .debug_abbrev  0x0000000000000450      0x1fb Application/User/Core/stm32f4xx_hal_msp.o
 .debug_abbrev  0x000000000000064b      0x158 Application/User/Core/stm32f4xx_it.o
 .debug_abbrev  0x00000000000007a3       0x12 Application/User/Startup/startup_stm32f429zitx.o
 .debug_abbrev  0x00000000000007b5      0x12b Drivers/CMSIS/system_stm32f4xx.o
 .debug_abbrev  0x00000000000008e0      0x1c7 Drivers/STM32F4xx_HAL_Driver/stm32f4xx_hal.o
 .debug_abbrev  0x0000000000000aa7      0x2fa Drivers/STM32F4xx_HAL_Driver/stm32f4xx_hal_cortex.o
 .debug_abbrev  0x0000000000000da1      0x1c9 Drivers/STM32F4xx_HAL_Driver/stm32f4xx_hal_gpio.o
 .debug_abbrev  0x0000000000000f6a      0x209 Drivers/STM32F4xx_HAL_Driver/stm32f4xx_hal_ltdc.o
 .debug_abbrev  0x0000000000001173      0x1b8 Drivers/STM32F4xx_HAL_Driver/stm32f4xx_hal_pwr_ex.o
 .debug_abbrev  0x000000000000132b      0x245 Drivers/STM32F4xx_HAL_Driver/stm32f4xx_hal_rcc.o
 .debug_abbrev  0x0000000000001570      0x173 Drivers/STM32F4xx_HAL_Driver/stm32f4xx_hal_rcc_ex.o
 .debug_abbrev  0x00000000000016e3      0x1f7 Drivers/STM32F4xx_HAL_Driver/stm32f4xx_hal_sdram.o
 .debug_abbrev  0x00000000000018da      0x240 Drivers/STM32F4xx_HAL_Driver/stm32f4xx_hal_spi.o
 .debug_abbrev  0x0000000000001b1a      0x18c Drivers/STM32F4xx_HAL_Driver/stm32f4xx_ll_fmc.o

.debug_aranges  0x0000000000000000      0xa40
 .debug_aranges
                0x0000000000000000       0x40 Application/User/Core/Driver_9341.o
 .debug_aranges
                0x0000000000000040       0x50 Application/User/Core/main.o
 .debug_aranges
                0x0000000000000090       0x50 Application/User/Core/stm32f4xx_hal_msp.o
 .debug_aranges
                0x00000000000000e0       0x78 Application/User/Core/stm32f4xx_it.o
 .debug_aranges
                0x0000000000000158       0x28 Application/User/Startup/startup_stm32f429zitx.o
 .debug_aranges
                0x0000000000000180       0x28 Drivers/CMSIS/system_stm32f4xx.o
 .debug_aranges
                0x00000000000001a8      0x100 Drivers/STM32F4xx_HAL_Driver/stm32f4xx_hal.o
 .debug_aranges
                0x00000000000002a8      0x118 Drivers/STM32F4xx_HAL_Driver/stm32f4xx_hal_cortex.o
 .debug_aranges
                0x00000000000003c0       0x58 Drivers/STM32F4xx_HAL_Driver/stm32f4xx_hal_gpio.o
 .debug_aranges
                0x0000000000000418      0x158 Drivers/STM32F4xx_HAL_Driver/stm32f4xx_hal_ltdc.o
 .debug_aranges
                0x0000000000000570       0x60 Drivers/STM32F4xx_HAL_Driver/stm32f4xx_hal_pwr_ex.o
 .debug_aranges
                0x00000000000005d0       0x88 Drivers/STM32F4xx_HAL_Driver/stm32f4xx_hal_rcc.o
 .debug_aranges
                0x0000000000000658       0x58 Drivers/STM32F4xx_HAL_Driver/stm32f4xx_hal_rcc_ex.o
 .debug_aranges
                0x00000000000006b0       0xd0 Drivers/STM32F4xx_HAL_Driver/stm32f4xx_hal_sdram.o
 .debug_aranges
                0x0000000000000780      0x1d0 Drivers/STM32F4xx_HAL_Driver/stm32f4xx_hal_spi.o
 .debug_aranges
                0x0000000000000950       0xf0 Drivers/STM32F4xx_HAL_Driver/stm32f4xx_ll_fmc.o

.debug_ranges   0x0000000000000000      0x948
 .debug_ranges  0x0000000000000000       0x30 Application/User/Core/Driver_9341.o
 .debug_ranges  0x0000000000000030       0x40 Application/User/Core/main.o
 .debug_ranges  0x0000000000000070       0x40 Application/User/Core/stm32f4xx_hal_msp.o
 .debug_ranges  0x00000000000000b0       0x68 Application/User/Core/stm32f4xx_it.o
 .debug_ranges  0x0000000000000118       0x20 Application/User/Startup/startup_stm32f429zitx.o
 .debug_ranges  0x0000000000000138       0x18 Drivers/CMSIS/system_stm32f4xx.o
 .debug_ranges  0x0000000000000150       0xf0 Drivers/STM32F4xx_HAL_Driver/stm32f4xx_hal.o
 .debug_ranges  0x0000000000000240      0x108 Drivers/STM32F4xx_HAL_Driver/stm32f4xx_hal_cortex.o
 .debug_ranges  0x0000000000000348       0x48 Drivers/STM32F4xx_HAL_Driver/stm32f4xx_hal_gpio.o
 .debug_ranges  0x0000000000000390      0x148 Drivers/STM32F4xx_HAL_Driver/stm32f4xx_hal_ltdc.o
 .debug_ranges  0x00000000000004d8       0x50 Drivers/STM32F4xx_HAL_Driver/stm32f4xx_hal_pwr_ex.o
 .debug_ranges  0x0000000000000528       0x78 Drivers/STM32F4xx_HAL_Driver/stm32f4xx_hal_rcc.o
 .debug_ranges  0x00000000000005a0       0x48 Drivers/STM32F4xx_HAL_Driver/stm32f4xx_hal_rcc_ex.o
 .debug_ranges  0x00000000000005e8       0xc0 Drivers/STM32F4xx_HAL_Driver/stm32f4xx_hal_sdram.o
 .debug_ranges  0x00000000000006a8      0x1c0 Drivers/STM32F4xx_HAL_Driver/stm32f4xx_hal_spi.o
 .debug_ranges  0x0000000000000868       0xe0 Drivers/STM32F4xx_HAL_Driver/stm32f4xx_ll_fmc.o

.debug_macro    0x0000000000000000    0x23836
 .debug_macro   0x0000000000000000      0x1fc Application/User/Core/Driver_9341.o
 .debug_macro   0x00000000000001fc      0xa5a Application/User/Core/Driver_9341.o
 .debug_macro   0x0000000000000c56      0x29a Application/User/Core/Driver_9341.o
 .debug_macro   0x0000000000000ef0       0x2e Application/User/Core/Driver_9341.o
 .debug_macro   0x0000000000000f1e       0x28 Application/User/Core/Driver_9341.o
 .debug_macro   0x0000000000000f46       0x22 Application/User/Core/Driver_9341.o
 .debug_macro   0x0000000000000f68       0x8e Application/User/Core/Driver_9341.o
 .debug_macro   0x0000000000000ff6       0x51 Application/User/Core/Driver_9341.o
 .debug_macro   0x0000000000001047       0xef Application/User/Core/Driver_9341.o
 .debug_macro   0x0000000000001136       0x6a Application/User/Core/Driver_9341.o
 .debug_macro   0x00000000000011a0      0x1df Application/User/Core/Driver_9341.o
 .debug_macro   0x000000000000137f       0x1c Application/User/Core/Driver_9341.o
 .debug_macro   0x000000000000139b       0x22 Application/User/Core/Driver_9341.o
 .debug_macro   0x00000000000013bd       0xdf Application/User/Core/Driver_9341.o
 .debug_macro   0x000000000000149c     0x102d Application/User/Core/Driver_9341.o
 .debug_macro   0x00000000000024c9      0x11f Application/User/Core/Driver_9341.o
 .debug_macro   0x00000000000025e8    0x17f69 Application/User/Core/Driver_9341.o
 .debug_macro   0x000000000001a551       0x43 Application/User/Core/Driver_9341.o
 .debug_macro   0x000000000001a594     0x36c9 Application/User/Core/Driver_9341.o
 .debug_macro   0x000000000001dc5d      0x174 Application/User/Core/Driver_9341.o
 .debug_macro   0x000000000001ddd1       0x5a Application/User/Core/Driver_9341.o
 .debug_macro   0x000000000001de2b      0xca5 Application/User/Core/Driver_9341.o
 .debug_macro   0x000000000001ead0      0x9fe Application/User/Core/Driver_9341.o
 .debug_macro   0x000000000001f4ce      0x117 Application/User/Core/Driver_9341.o
 .debug_macro   0x000000000001f5e5      0x157 Application/User/Core/Driver_9341.o
 .debug_macro   0x000000000001f73c       0x27 Application/User/Core/Driver_9341.o
 .debug_macro   0x000000000001f763      0x182 Application/User/Core/Driver_9341.o
 .debug_macro   0x000000000001f8e5      0x287 Application/User/Core/Driver_9341.o
 .debug_macro   0x000000000001fb6c       0x5f Application/User/Core/Driver_9341.o
 .debug_macro   0x000000000001fbcb      0x236 Application/User/Core/Driver_9341.o
 .debug_macro   0x000000000001fe01      0x132 Application/User/Core/Driver_9341.o
 .debug_macro   0x000000000001ff33      0x41d Application/User/Core/Driver_9341.o
 .debug_macro   0x0000000000020350       0x2e Application/User/Core/Driver_9341.o
 .debug_macro   0x000000000002037e      0x582 Application/User/Core/Driver_9341.o
 .debug_macro   0x0000000000020900      0x198 Application/User/Core/Driver_9341.o
 .debug_macro   0x0000000000020a98       0xd6 Application/User/Core/Driver_9341.o
 .debug_macro   0x0000000000020b6e      0x11a Application/User/Core/Driver_9341.o
 .debug_macro   0x0000000000020c88       0xe2 Application/User/Core/Driver_9341.o
 .debug_macro   0x0000000000020d6a       0x89 Application/User/Core/Driver_9341.o
 .debug_macro   0x0000000000020df3      0x225 Application/User/Core/Driver_9341.o
 .debug_macro   0x0000000000021018      0x134 Application/User/Core/Driver_9341.o
 .debug_macro   0x000000000002114c      0x270 Application/User/Core/Driver_9341.o
 .debug_macro   0x00000000000213bc      0x2e1 Application/User/Core/main.o
 .debug_macro   0x000000000002169d       0x70 Application/User/Core/main.o
 .debug_macro   0x000000000002170d       0x22 Application/User/Core/main.o
 .debug_macro   0x000000000002172f       0x46 Application/User/Core/main.o
 .debug_macro   0x0000000000021775       0x18 Application/User/Core/main.o
 .debug_macro   0x000000000002178d       0x3c Application/User/Core/main.o
 .debug_macro   0x00000000000217c9       0x34 Application/User/Core/main.o
 .debug_macro   0x00000000000217fd       0x52 Application/User/Core/main.o
 .debug_macro   0x000000000002184f       0x1f Application/User/Core/main.o
 .debug_macro   0x000000000002186e       0x43 Application/User/Core/main.o
 .debug_macro   0x00000000000218b1       0x20 Application/User/Core/main.o
 .debug_macro   0x00000000000218d1      0x1a3 Application/User/Core/main.o
 .debug_macro   0x0000000000021a74      0x32a Application/User/Core/main.o
 .debug_macro   0x0000000000021d9e       0x10 Application/User/Core/main.o
 .debug_macro   0x0000000000021dae       0x35 Application/User/Core/main.o
 .debug_macro   0x0000000000021de3       0x20 Application/User/Core/main.o
 .debug_macro   0x0000000000021e03      0x1fe Application/User/Core/stm32f4xx_hal_msp.o
 .debug_macro   0x0000000000022001      0x208 Application/User/Core/stm32f4xx_it.o
 .debug_macro   0x0000000000022209      0x1f5 Drivers/CMSIS/system_stm32f4xx.o
 .debug_macro   0x00000000000223fe      0x24f Drivers/STM32F4xx_HAL_Driver/stm32f4xx_hal.o
 .debug_macro   0x000000000002264d      0x1ef Drivers/STM32F4xx_HAL_Driver/stm32f4xx_hal_cortex.o
 .debug_macro   0x000000000002283c      0x225 Drivers/STM32F4xx_HAL_Driver/stm32f4xx_hal_gpio.o
 .debug_macro   0x0000000000022a61      0x1f0 Drivers/STM32F4xx_HAL_Driver/stm32f4xx_hal_ltdc.o
 .debug_macro   0x0000000000022c51      0x207 Drivers/STM32F4xx_HAL_Driver/stm32f4xx_hal_pwr_ex.o
 .debug_macro   0x0000000000022e58      0x213 Drivers/STM32F4xx_HAL_Driver/stm32f4xx_hal_rcc.o
 .debug_macro   0x000000000002306b      0x1ef Drivers/STM32F4xx_HAL_Driver/stm32f4xx_hal_rcc_ex.o
 .debug_macro   0x000000000002325a      0x1ef Drivers/STM32F4xx_HAL_Driver/stm32f4xx_hal_sdram.o
 .debug_macro   0x0000000000023449      0x1fe Drivers/STM32F4xx_HAL_Driver/stm32f4xx_hal_spi.o
 .debug_macro   0x0000000000023647      0x1ef Drivers/STM32F4xx_HAL_Driver/stm32f4xx_ll_fmc.o

.debug_line     0x0000000000000000     0x976a
 .debug_line    0x0000000000000000      0x7eb Application/User/Core/Driver_9341.o
 .debug_line    0x00000000000007eb      0xa09 Application/User/Core/main.o
 .debug_line    0x00000000000011f4      0x823 Application/User/Core/stm32f4xx_hal_msp.o
 .debug_line    0x0000000000001a17      0x808 Application/User/Core/stm32f4xx_it.o
 .debug_line    0x000000000000221f       0x91 Application/User/Startup/startup_stm32f429zitx.o
 .debug_line    0x00000000000022b0      0x745 Drivers/CMSIS/system_stm32f4xx.o
 .debug_line    0x00000000000029f5      0x953 Drivers/STM32F4xx_HAL_Driver/stm32f4xx_hal.o
 .debug_line    0x0000000000003348      0xa53 Drivers/STM32F4xx_HAL_Driver/stm32f4xx_hal_cortex.o
 .debug_line    0x0000000000003d9b      0x936 Drivers/STM32F4xx_HAL_Driver/stm32f4xx_hal_gpio.o
 .debug_line    0x00000000000046d1     0x1001 Drivers/STM32F4xx_HAL_Driver/stm32f4xx_hal_ltdc.o
 .debug_line    0x00000000000056d2      0x821 Drivers/STM32F4xx_HAL_Driver/stm32f4xx_hal_pwr_ex.o
 .debug_line    0x0000000000005ef3      0x987 Drivers/STM32F4xx_HAL_Driver/stm32f4xx_hal_rcc.o
 .debug_line    0x000000000000687a      0x8ce Drivers/STM32F4xx_HAL_Driver/stm32f4xx_hal_rcc_ex.o
 .debug_line    0x0000000000007148      0xa86 Drivers/STM32F4xx_HAL_Driver/stm32f4xx_hal_sdram.o
 .debug_line    0x0000000000007bce     0x10eb Drivers/STM32F4xx_HAL_Driver/stm32f4xx_hal_spi.o
 .debug_line    0x0000000000008cb9      0xab1 Drivers/STM32F4xx_HAL_Driver/stm32f4xx_ll_fmc.o

.debug_str      0x0000000000000000    0xd618a
 .debug_str     0x0000000000000000    0xcfaf7 Application/User/Core/Driver_9341.o
                                      0xcfdff (size before relaxing)
 .debug_str     0x00000000000cfaf7     0x3a81 Application/User/Core/main.o
                                      0xd36e7 (size before relaxing)
 .debug_str     0x00000000000d3578      0x623 Application/User/Core/stm32f4xx_hal_msp.o
                                      0xcff23 (size before relaxing)
 .debug_str     0x00000000000d3b9b       0xfa Application/User/Core/stm32f4xx_it.o
                                      0xcf89d (size before relaxing)
 .debug_str     0x00000000000d3c95       0x42 Application/User/Startup/startup_stm32f429zitx.o
                                         0x82 (size before relaxing)
 .debug_str     0x00000000000d3cd7       0xee Drivers/CMSIS/system_stm32f4xx.o
                                      0xcefd2 (size before relaxing)
 .debug_str     0x00000000000d3dc5      0x5f2 Drivers/STM32F4xx_HAL_Driver/stm32f4xx_hal.o
                                      0xcfb3e (size before relaxing)
 .debug_str     0x00000000000d43b7      0x3bc Drivers/STM32F4xx_HAL_Driver/stm32f4xx_hal_cortex.o
                                      0xcf8df (size before relaxing)
 .debug_str     0x00000000000d4773      0x236 Drivers/STM32F4xx_HAL_Driver/stm32f4xx_hal_gpio.o
                                      0xcf211 (size before relaxing)
 .debug_str     0x00000000000d49a9      0x4d6 Drivers/STM32F4xx_HAL_Driver/stm32f4xx_hal_ltdc.o
                                      0xcf613 (size before relaxing)
 .debug_str     0x00000000000d4e7f      0x15f Drivers/STM32F4xx_HAL_Driver/stm32f4xx_hal_pwr_ex.o
                                      0xcf1b5 (size before relaxing)
 .debug_str     0x00000000000d4fde      0x283 Drivers/STM32F4xx_HAL_Driver/stm32f4xx_hal_rcc.o
                                      0xcf3bf (size before relaxing)
 .debug_str     0x00000000000d5261      0x16f Drivers/STM32F4xx_HAL_Driver/stm32f4xx_hal_rcc_ex.o
                                      0xcf1b0 (size before relaxing)
 .debug_str     0x00000000000d53d0      0x289 Drivers/STM32F4xx_HAL_Driver/stm32f4xx_hal_sdram.o
                                      0xcf5b3 (size before relaxing)
 .debug_str     0x00000000000d5659      0x5b1 Drivers/STM32F4xx_HAL_Driver/stm32f4xx_hal_spi.o
                                      0xcf82d (size before relaxing)
 .debug_str     0x00000000000d5c0a      0x580 Drivers/STM32F4xx_HAL_Driver/stm32f4xx_ll_fmc.o
                                      0xcf614 (size before relaxing)

.comment        0x0000000000000000       0x7b
 .comment       0x0000000000000000       0x7b Application/User/Core/Driver_9341.o
                                         0x7c (size before relaxing)
 .comment       0x000000000000007b       0x7c Application/User/Core/main.o
 .comment       0x000000000000007b       0x7c Application/User/Core/stm32f4xx_hal_msp.o
 .comment       0x000000000000007b       0x7c Application/User/Core/stm32f4xx_it.o
 .comment       0x000000000000007b       0x7c Drivers/CMSIS/system_stm32f4xx.o
 .comment       0x000000000000007b       0x7c Drivers/STM32F4xx_HAL_Driver/stm32f4xx_hal.o
 .comment       0x000000000000007b       0x7c Drivers/STM32F4xx_HAL_Driver/stm32f4xx_hal_cortex.o
 .comment       0x000000000000007b       0x7c Drivers/STM32F4xx_HAL_Driver/stm32f4xx_hal_gpio.o
 .comment       0x000000000000007b       0x7c Drivers/STM32F4xx_HAL_Driver/stm32f4xx_hal_ltdc.o
 .comment       0x000000000000007b       0x7c Drivers/STM32F4xx_HAL_Driver/stm32f4xx_hal_pwr_ex.o
 .comment       0x000000000000007b       0x7c Drivers/STM32F4xx_HAL_Driver/stm32f4xx_hal_rcc.o
 .comment       0x000000000000007b       0x7c Drivers/STM32F4xx_HAL_Driver/stm32f4xx_hal_rcc_ex.o
 .comment       0x000000000000007b       0x7c Drivers/STM32F4xx_HAL_Driver/stm32f4xx_hal_sdram.o
 .comment       0x000000000000007b       0x7c Drivers/STM32F4xx_HAL_Driver/stm32f4xx_hal_spi.o
 .comment       0x000000000000007b       0x7c Drivers/STM32F4xx_HAL_Driver/stm32f4xx_ll_fmc.o

.debug_frame    0x0000000000000000     0x2930
 .debug_frame   0x0000000000000000       0xbc Application/User/Core/Driver_9341.o
 .debug_frame   0x00000000000000bc      0x100 Application/User/Core/main.o
 .debug_frame   0x00000000000001bc      0x10c Application/User/Core/stm32f4xx_hal_msp.o
 .debug_frame   0x00000000000002c8      0x158 Application/User/Core/stm32f4xx_it.o
 .debug_frame   0x0000000000000420       0x58 Drivers/CMSIS/system_stm32f4xx.o
 .debug_frame   0x0000000000000478      0x3b4 Drivers/STM32F4xx_HAL_Driver/stm32f4xx_hal.o
 .debug_frame   0x000000000000082c      0x498 Drivers/STM32F4xx_HAL_Driver/stm32f4xx_hal_cortex.o
 .debug_frame   0x0000000000000cc4      0x14c Drivers/STM32F4xx_HAL_Driver/stm32f4xx_hal_gpio.o
 .debug_frame   0x0000000000000e10      0x61c Drivers/STM32F4xx_HAL_Driver/stm32f4xx_hal_ltdc.o
 .debug_frame   0x000000000000142c      0x14c Drivers/STM32F4xx_HAL_Driver/stm32f4xx_hal_pwr_ex.o
 .debug_frame   0x0000000000001578      0x1f0 Drivers/STM32F4xx_HAL_Driver/stm32f4xx_hal_rcc.o
 .debug_frame   0x0000000000001768      0x13c Drivers/STM32F4xx_HAL_Driver/stm32f4xx_hal_rcc_ex.o
 .debug_frame   0x00000000000018a4      0x37c Drivers/STM32F4xx_HAL_Driver/stm32f4xx_hal_sdram.o
 .debug_frame   0x0000000000001c20      0x824 Drivers/STM32F4xx_HAL_Driver/stm32f4xx_hal_spi.o
 .debug_frame   0x0000000000002444      0x440 Drivers/STM32F4xx_HAL_Driver/stm32f4xx_ll_fmc.o
 .debug_frame   0x0000000000002884       0x2c c:/st/stm32cubeide_1.5.0/stm32cubeide/plugins/com.st.stm32cube.ide.mcu.externaltools.gnu-tools-for-stm32.7-2018-q2-update.win32_1.5.0.202011040924/tools/bin/../lib/gcc/arm-none-eabi/7.3.1/../../../../arm-none-eabi/lib/thumb/v7e-m/fpv4-sp/hard\libc_nano.a(lib_a-init.o)
 .debug_frame   0x00000000000028b0       0x20 c:/st/stm32cubeide_1.5.0/stm32cubeide/plugins/com.st.stm32cube.ide.mcu.externaltools.gnu-tools-for-stm32.7-2018-q2-update.win32_1.5.0.202011040924/tools/bin/../lib/gcc/arm-none-eabi/7.3.1/../../../../arm-none-eabi/lib/thumb/v7e-m/fpv4-sp/hard\libc_nano.a(lib_a-memset.o)
 .debug_frame   0x00000000000028d0       0x2c c:/st/stm32cubeide_1.5.0/stm32cubeide/plugins/com.st.stm32cube.ide.mcu.externaltools.gnu-tools-for-stm32.7-2018-q2-update.win32_1.5.0.202011040924/tools/bin/../lib/gcc/arm-none-eabi/7.3.1/thumb/v7e-m/fpv4-sp/hard\libgcc.a(_aeabi_uldivmod.o)
 .debug_frame   0x00000000000028fc       0x34 c:/st/stm32cubeide_1.5.0/stm32cubeide/plugins/com.st.stm32cube.ide.mcu.externaltools.gnu-tools-for-stm32.7-2018-q2-update.win32_1.5.0.202011040924/tools/bin/../lib/gcc/arm-none-eabi/7.3.1/thumb/v7e-m/fpv4-sp/hard\libgcc.a(_udivmoddi4.o)
